2026-08-28 17:07:56,936 - *IDN? returned THURLBY THANDAR, TG5012A, 601942, 01.16-02.10-01.20
2026-08-28 17:07:56,943 - THURLBY THANDAR, TG5012A, 601942, 01.16-02.10-01.20
2026-08-28 17:07:56,943 - Successfully connected to TG5012A on COM5
2026-08-28 17:07:56,943 - CHN 1
2026-08-28 17:07:57,125 - WAVE PULSE
2026-08-28 17:07:57,136 - PULSPER 0.01
2026-08-28 17:07:57,147 - HILVL 1
2026-08-28 17:07:57,158 - LOLVL 0
2026-08-28 17:07:57,171 - PULSRISE 1e-08
2026-08-28 17:07:57,180 - PULSFALL 1e-08
2026-08-28 17:07:57,188 - PULSDLY 0
2026-08-28 17:07:57,197 - BST NCYC
2026-08-28 17:07:57,205 - BSTCOUNT 1
2026-08-28 17:07:57,213 - TRGSRC MAN
2026-08-28 17:07:57,222 - OUTPUT OFF
2026-08-28 17:07:57,231 - CHN 2
2026-08-28 17:07:57,396 - WAVE PULSE
2026-08-28 17:07:57,425 - PULSPER 0.01
2026-08-28 17:07:57,436 - HILVL 1
2026-08-28 17:07:57,447 - LOLVL 0
2026-08-28 17:07:57,459 - PULSRISE 1e-08
2026-08-28 17:07:57,467 - PULSFALL 1e-08
2026-08-28 17:07:57,476 - PULSDLY 0
2026-08-28 17:07:57,484 - BST NCYC
2026-08-28 17:07:57,493 - BSTCOUNT 1
2026-08-28 17:07:57,502 - TRGSRC CRC
2026-08-28 17:07:57,511 - OUTPUT OFF
2026-08-28 17:08:03,362 - CHN 1
2026-08-28 17:08:03,509 - OUTPUT ON
2026-08-28 17:08:03,516 - PULSWID 9.999999999999999e-05
2026-08-28 17:08:03,526 - HILVL 5.0
2026-08-28 17:08:03,536 - PULSDLY 0.0
2026-08-28 17:08:03,546 - CHN 2
2026-08-28 17:08:03,709 - OUTPUT OFF
2026-08-28 17:08:04,399 - CHN 1
2026-08-28 17:08:04,548 - *TRG
2026-08-28 17:08:13,375 - CHN 1
2026-08-28 17:08:13,523 - OUTPUT ON
2026-08-28 17:08:13,530 - PULSWID 9.999999999999999e-05
2026-08-28 17:08:13,539 - HILVL 5.0
2026-08-28 17:08:13,549 - PULSDLY 0.0
2026-08-28 17:08:13,557 - CHN 2
2026-08-28 17:08:13,721 - OUTPUT OFF
2026-08-28 17:08:14,383 - CHN 1
2026-08-28 17:08:14,531 - *TRG
2026-08-28 17:08:20,523 - CHN 1
2026-08-28 17:08:20,818 - OUTPUT ON
2026-08-28 17:08:20,826 - PULSWID 9.999999999999999e-05
2026-08-28 17:08:20,836 - HILVL 5.0
2026-08-28 17:08:20,845 - PULSDLY 0.0
2026-08-28 17:08:20,854 - CHN 2
2026-08-28 17:08:21,002 - OUTPUT OFF
2026-08-28 17:08:21,663 - CHN 1
2026-08-28 17:08:21,811 - *TRG
2026-08-28 17:08:26,531 - CHN 1
2026-08-28 17:08:26,826 - OUTPUT ON
2026-08-28 17:08:26,833 - PULSWID 9.999999999999999e-05
2026-08-28 17:08:26,842 - HILVL 5.0
2026-08-28 17:08:26,852 - PULSDLY 0.0
2026-08-28 17:08:26,861 - CHN 2
2026-08-28 17:08:27,009 - OUTPUT OFF
2026-08-28 17:08:27,479 - CHN 1
2026-08-28 17:08:27,643 - *TRG
2026-08-28 17:08:33,101 - CHN 1
2026-08-28 17:08:33,249 - OUTPUT ON
2026-08-28 17:08:33,256 - PULSWID 3.9999999999999996e-05
2026-08-28 17:08:33,266 - HILVL 5.0
2026-08-28 17:08:33,276 - PULSDLY 0.0
2026-08-28 17:08:33,285 - CHN 2
2026-08-28 17:08:33,433 - OUTPUT OFF
2026-08-28 17:08:34,057 - CHN 1
2026-08-28 17:08:34,220 - *TRG
2026-08-28 17:17:12,536 - *IDN? returned THURLBY THANDAR, TG5012A, 601942, 01.16-02.10-01.20
2026-08-28 17:17:12,543 - THURLBY THANDAR, TG5012A, 601942, 01.16-02.10-01.20
2026-08-28 17:17:12,543 - Successfully connected to TG5012A on COM5
2026-08-28 17:17:12,543 - CHN 1
2026-08-28 17:17:12,838 - WAVE PULSE
2026-08-28 17:17:12,847 - PULSPER 0.01
2026-08-28 17:17:12,857 - HILVL 1
2026-08-28 17:17:12,868 - LOLVL 0
2026-08-28 17:17:12,878 - PULSRISE 1e-08
2026-08-28 17:17:12,887 - PULSFALL 1e-08
2026-08-28 17:17:12,895 - PULSDLY 0
2026-08-28 17:17:12,903 - BST OFF
2026-08-28 17:17:12,911 - BSTCOUNT 1
2026-08-28 17:17:12,921 - TRGSRC MAN
2026-08-28 17:17:12,930 - OUTPUT OFF
2026-08-28 17:17:12,938 - CHN 2
2026-08-28 17:17:13,086 - WAVE PULSE
2026-08-28 17:17:13,095 - PULSPER 0.01
2026-08-28 17:17:13,104 - HILVL 1
2026-08-28 17:17:13,132 - LOLVL 0
2026-08-28 17:17:13,142 - PULSRISE 1e-08
2026-08-28 17:17:13,150 - PULSFALL 1e-08
2026-08-28 17:17:13,158 - PULSDLY 0
2026-08-28 17:17:13,167 - BST OFF
2026-08-28 17:17:13,176 - BSTCOUNT 1
2026-08-28 17:17:13,185 - TRGSRC CRC
2026-08-28 17:17:13,194 - OUTPUT OFF
2026-08-28 17:17:22,684 - CHN 1
2026-08-28 17:17:22,900 - ZLOAD 50
2026-08-28 17:17:22,909 - WAVE PULSE
2026-08-28 17:17:22,917 - BST NCYC
2026-08-28 17:17:22,926 - BSTCOUNT 1
2026-08-28 17:17:22,934 - TRGSRC MAN
2026-08-28 17:17:22,944 - PULSWID 9.999999999999999e-05
2026-08-28 17:17:22,954 - LOLVL 0.0
2026-08-28 17:17:22,966 - HILVL 5.0
2026-08-28 17:17:22,978 - PULSDLY 0.0
2026-08-28 17:17:22,987 - OUTPUT ON
2026-08-28 17:17:22,994 - CHN 2
2026-08-28 17:17:23,157 - OUTPUT OFF
2026-08-28 17:17:23,891 - CHN 1
2026-08-28 17:17:24,039 - *TRG
2026-08-28 17:17:24,049 - CHN 1
2026-08-28 17:17:24,212 - OUTPUT OFF
2026-08-28 17:17:24,220 - CHN 2
2026-08-28 17:17:24,367 - OUTPUT OFF
2026-08-28 17:17:28,676 - CHN 1
2026-08-28 17:17:28,902 - ZLOAD 50
2026-08-28 17:17:28,912 - WAVE PULSE
2026-08-28 17:17:28,921 - BST NCYC
2026-08-28 17:17:28,930 - BSTCOUNT 1
2026-08-28 17:17:28,940 - TRGSRC MAN
2026-08-28 17:17:28,950 - PULSWID 3.9999999999999996e-05
2026-08-28 17:17:28,959 - LOLVL 0.0
2026-08-28 17:17:28,971 - HILVL 5.0
2026-08-28 17:17:28,983 - PULSDLY 0.0
2026-08-28 17:17:28,992 - OUTPUT ON
2026-08-28 17:17:28,999 - CHN 2
2026-08-28 17:17:29,162 - OUTPUT OFF
2026-08-28 17:17:29,645 - CHN 1
2026-08-28 17:17:29,793 - *TRG
2026-08-28 17:17:29,802 - CHN 1
2026-08-28 17:17:29,949 - OUTPUT OFF
2026-08-28 17:17:29,957 - CHN 2
2026-08-28 17:17:30,104 - OUTPUT OFF
2026-08-28 17:17:47,565 - CHN 1
2026-08-28 17:17:47,729 - ZLOAD 50
2026-08-28 17:17:47,738 - ARBDEF ARB1,ARB1,OFF
2026-08-28 17:17:47,747 - ARBRESIZE ARB1,10001
2026-08-28 17:17:48,793 - ARBLOAD ARB1
2026-08-28 17:17:48,896 - WAVE ARB
2026-08-28 17:17:48,904 - DCOFFS 2.5
2026-08-28 17:17:48,914 - AMPL 5.0
2026-08-28 17:18:00,465 - CHN 1
2026-08-28 17:18:00,796 - ZLOAD 50
2026-08-28 17:18:00,806 - ARBDEF ARB1,ARB1,OFF
2026-08-28 17:18:00,815 - ARBRESIZE ARB1,10001
2026-08-28 17:18:01,817 - ARBLOAD ARB1
2026-08-28 17:18:01,870 - WAVE ARB
2026-08-28 17:18:01,879 - DCOFFS 2.45
2026-08-28 17:18:01,889 - AMPL 4.9
2026-08-28 17:18:01,899 - PER 7.999999999999999e-05
2026-08-28 17:18:01,907 - BST NCYC
2026-08-28 17:18:01,916 - BSTCOUNT 1
2026-08-28 17:18:01,924 - TRGSRC MAN
2026-08-28 17:18:01,933 - OUTPUT ON
2026-08-28 17:18:01,940 - CHN 2
2026-08-28 17:18:02,087 - OUTPUT OFF
2026-08-28 17:18:02,768 - CHN 1
2026-08-28 17:18:02,934 - *TRG
2026-08-28 17:18:02,943 - CHN 1
2026-08-28 17:18:03,109 - OUTPUT OFF
2026-08-28 17:18:03,133 - CHN 2
2026-08-28 17:18:03,280 - OUTPUT OFF
2026-08-28 17:18:20,161 - CHN 1
2026-08-28 17:18:20,327 - ZLOAD 50
2026-08-28 17:18:20,337 - ARBDEF ARB1,ARB1,OFF
2026-08-28 17:18:20,345 - ARBRESIZE ARB1,10001
2026-08-28 17:18:21,528 - ARBLOAD ARB1
2026-08-28 17:18:21,581 - WAVE ARB
2026-08-28 17:18:21,591 - DCOFFS 1.5
2026-08-28 17:18:21,600 - AMPL 3.0
2026-08-28 17:18:21,628 - PER 7.999999999999999e-05
2026-08-28 17:18:21,637 - BST NCYC
2026-08-28 17:18:21,645 - BSTCOUNT 1
2026-08-28 17:18:21,655 - TRGSRC MAN
2026-08-28 17:18:21,665 - OUTPUT ON
2026-08-28 17:18:21,672 - CHN 2
2026-08-28 17:18:21,819 - OUTPUT OFF
2026-08-28 17:18:22,473 - CHN 1
2026-08-28 17:18:22,804 - *TRG
2026-08-28 17:18:22,813 - CHN 1
2026-08-28 17:18:22,979 - OUTPUT OFF
2026-08-28 17:18:22,987 - CHN 2
2026-08-28 17:18:23,149 - OUTPUT OFF
2026-08-28 17:18:35,852 - CHN 1
2026-08-28 17:18:36,018 - ZLOAD 50
2026-08-28 17:18:36,026 - ARBDEF ARB1,ARB1,OFF
2026-08-28 17:18:36,035 - ARBRESIZE ARB1,10001
2026-08-28 17:18:37,230 - ARBLOAD ARB1
2026-08-28 17:18:37,283 - WAVE ARB
2026-08-28 17:18:37,291 - DCOFFS 0.6
2026-08-28 17:18:37,301 - AMPL 1.2
2026-08-28 17:18:37,309 - PER 7.999999999999999e-05
2026-08-28 17:18:37,317 - BST NCYC
2026-08-28 17:18:37,327 - BSTCOUNT 1
2026-08-28 17:18:37,335 - TRGSRC MAN
2026-08-28 17:18:37,344 - OUTPUT ON
2026-08-28 17:18:37,353 - CHN 2
2026-08-28 17:18:37,499 - OUTPUT OFF
2026-08-28 17:18:38,151 - CHN 1
2026-08-28 17:18:38,318 - *TRG
2026-08-28 17:18:38,326 - CHN 1
2026-08-28 17:18:38,491 - OUTPUT OFF
2026-08-28 17:18:38,499 - CHN 2
2026-08-28 17:18:38,792 - OUTPUT OFF
2026-08-28 17:18:46,495 - CHN 1
2026-08-28 17:18:46,827 - ZLOAD 50
2026-08-28 17:18:46,837 - ARBDEF ARB1,ARB1,OFF
2026-08-28 17:18:46,846 - ARBRESIZE ARB1,10001
2026-08-28 17:18:47,871 - ARBLOAD ARB1
2026-08-28 17:18:47,925 - WAVE ARB
2026-08-28 17:18:47,933 - DCOFFS 0.6
2026-08-28 17:18:47,942 - AMPL 1.2
2026-08-28 17:18:47,951 - PER 7.999999999999999e-05
2026-08-28 17:18:47,959 - BST NCYC
2026-08-28 17:18:47,967 - BSTCOUNT 1
2026-08-28 17:18:47,976 - TRGSRC MAN
2026-08-28 17:18:47,985 - OUTPUT ON
2026-08-28 17:18:47,993 - CHN 2
2026-08-28 17:18:48,156 - OUTPUT OFF
2026-08-28 17:18:48,814 - CHN 1
2026-08-28 17:18:48,979 - *TRG
2026-08-28 17:18:48,989 - CHN 1
2026-08-28 17:18:49,170 - OUTPUT OFF
2026-08-28 17:18:49,178 - CHN 2
2026-08-28 17:18:49,325 - OUTPUT OFF
2026-08-28 17:19:01,302 - CHN 1
2026-08-28 17:19:01,468 - ZLOAD 50
2026-08-28 17:19:01,477 - ARBDEF ARB1,ARB1,OFF
2026-08-28 17:19:01,485 - ARBRESIZE ARB1,10001
2026-08-28 17:19:02,509 - ARBLOAD ARB1
2026-08-28 17:19:02,563 - WAVE ARB
2026-08-28 17:19:02,571 - DCOFFS 0.6
2026-08-28 17:19:02,581 - AMPL 1.2
2026-08-28 17:19:02,589 - PER 9.999999999999999e-05
2026-08-28 17:19:02,598 - BST NCYC
2026-08-28 17:19:02,606 - BSTCOUNT 1
2026-08-28 17:19:02,779 - TRGSRC MAN
2026-08-28 17:19:02,788 - OUTPUT ON
2026-08-28 17:19:02,795 - CHN 2
2026-08-28 17:19:02,942 - OUTPUT OFF
2026-08-28 17:19:03,574 - CHN 1
2026-08-28 17:19:03,755 - *TRG
2026-08-28 17:19:03,764 - CHN 1
2026-08-28 17:19:03,930 - OUTPUT OFF
2026-08-28 17:19:03,938 - CHN 2
2026-08-28 17:19:04,085 - OUTPUT OFF
2026-08-28 17:19:16,909 - CHN 1
2026-08-28 17:19:17,075 - ZLOAD 50
2026-08-28 17:19:17,085 - ARBDEF ARB1,ARB1,OFF
2026-08-28 17:19:17,093 - ARBRESIZE ARB1,10001
2026-08-28 17:19:18,137 - ARBLOAD ARB1
2026-08-28 17:19:18,189 - WAVE ARB
2026-08-28 17:19:18,197 - DCOFFS 1.0
2026-08-28 17:19:18,207 - AMPL 2.0
2026-08-28 17:19:18,217 - PER 9.999999999999999e-05
2026-08-28 17:19:18,227 - BST NCYC
2026-08-28 17:19:18,236 - BSTCOUNT 1
2026-08-28 17:19:18,245 - TRGSRC MAN
2026-08-28 17:19:18,255 - OUTPUT ON
2026-08-28 17:19:18,262 - CHN 2
2026-08-28 17:19:18,409 - OUTPUT OFF
2026-08-28 17:19:19,084 - CHN 1
2026-08-28 17:19:19,266 - *TRG
2026-08-28 17:19:19,274 - CHN 1
2026-08-28 17:19:19,440 - OUTPUT OFF
2026-08-28 17:19:19,447 - CHN 2
2026-08-28 17:19:19,594 - OUTPUT OFF
2026-08-28 17:32:17,219 - *IDN? returned THURLBY THANDAR, TG5012A, 601942, 01.16-02.10-01.20
2026-08-28 17:32:17,226 - THURLBY THANDAR, TG5012A, 601942, 01.16-02.10-01.20
2026-08-28 17:32:17,226 - Successfully connected to TG5012A on COM5
2026-08-28 17:32:17,226 - CHN 1
2026-08-28 17:32:17,392 - WAVE PULSE
2026-08-28 17:32:17,650 - PULSPER 0.01
2026-08-28 17:32:17,676 - HILVL 1
2026-08-28 17:32:17,685 - LOLVL 0
2026-08-28 17:32:17,697 - PULSRISE 1e-08
2026-08-28 17:32:17,705 - PULSFALL 1e-08
2026-08-28 17:32:17,714 - PULSDLY 0
2026-08-28 17:32:17,722 - BST OFF
2026-08-28 17:32:17,730 - BSTCOUNT 1
2026-08-28 17:32:17,741 - TRGSRC MAN
2026-08-28 17:32:17,749 - OUTPUT OFF
2026-08-28 17:32:17,756 - CHN 2
2026-08-28 17:32:17,903 - WAVE PULSE
2026-08-28 17:32:17,911 - PULSPER 0.01
2026-08-28 17:32:17,920 - HILVL 1
2026-08-28 17:32:17,930 - LOLVL 0
2026-08-28 17:32:17,939 - PULSRISE 1e-08
2026-08-28 17:32:17,947 - PULSFALL 1e-08
2026-08-28 17:32:17,955 - PULSDLY 0
2026-08-28 17:32:17,964 - BST OFF
2026-08-28 17:32:17,973 - BSTCOUNT 1
2026-08-28 17:32:17,983 - TRGSRC CRC
2026-08-28 17:32:17,993 - OUTPUT OFF
2026-10-05 10:26:49,444 - *IDN? returned THURLBY THANDAR, TG5012A, 601942, 01.16-02.10-01.20
2026-10-05 10:26:49,451 - THURLBY THANDAR, TG5012A, 601942, 01.16-02.10-01.20
2026-10-05 10:26:49,451 - Successfully connected to TG5012A on COM5
2026-10-05 10:26:49,451 - CHN 1
2026-10-05 10:26:49,616 - WAVE PULSE
2026-10-05 10:26:49,627 - PULSPER 0.01
2026-10-05 10:26:49,637 - HILVL 1
2026-10-05 10:26:49,648 - LOLVL 0
2026-10-05 10:26:49,659 - PULSRISE 1e-08
2026-10-05 10:26:49,667 - PULSFALL 1e-08
2026-10-05 10:26:49,675 - PULSDLY 0
2026-10-05 10:26:49,683 - BST OFF
2026-10-05 10:26:49,691 - BSTCOUNT 1
2026-10-05 10:26:49,699 - TRGSRC MAN
2026-10-05 10:26:49,709 - OUTPUT OFF
2026-10-05 10:26:49,717 - CHN 2
2026-10-05 10:26:49,882 - WAVE PULSE
2026-10-05 10:26:49,893 - PULSPER 0.01
2026-10-05 10:26:49,902 - HILVL 1
2026-10-05 10:26:49,914 - LOLVL 0
2026-10-05 10:26:49,926 - PULSRISE 1e-08
2026-10-05 10:26:49,949 - PULSFALL 1e-08
2026-10-05 10:26:49,958 - PULSDLY 0
2026-10-05 10:26:49,966 - BST OFF
2026-10-05 10:26:49,974 - BSTCOUNT 1
2026-10-05 10:26:49,984 - TRGSRC CRC
2026-10-05 10:26:49,993 - OUTPUT OFF
2026-10-05 10:29:30,898 - CHN 1
2026-10-05 10:29:31,061 - ZLOAD 50
2026-10-05 10:29:31,071 - WAVE PULSE
2026-10-05 10:29:31,080 - BST NCYC
2026-10-05 10:29:31,089 - BSTCOUNT 1
2026-10-05 10:29:31,098 - TRGSRC MAN
2026-10-05 10:29:31,107 - PULSWID 6.5e-05
2026-10-05 10:29:31,116 - LOLVL 0.0
2026-10-05 10:29:31,126 - HILVL 5.0
2026-10-05 10:29:31,138 - PULSDLY 0.0
2026-10-05 10:29:31,146 - OUTPUT ON
2026-10-05 10:29:31,154 - CHN 2
2026-10-05 10:29:31,301 - OUTPUT OFF
2026-10-05 10:29:32,157 - CHN 1
2026-10-05 10:29:32,305 - *TRG
2026-10-05 10:29:32,315 - CHN 1
2026-10-05 10:29:32,478 - OUTPUT OFF
2026-10-05 10:29:32,486 - CHN 2
2026-10-05 10:29:32,633 - OUTPUT OFF
2026-10-05 10:29:56,909 - CHN 1
2026-10-05 10:29:57,072 - ZLOAD 50
2026-10-05 10:29:57,081 - WAVE PULSE
2026-10-05 10:29:57,089 - BST NCYC
2026-10-05 10:29:57,098 - BSTCOUNT 1
2026-10-05 10:29:57,107 - TRGSRC MAN
2026-10-05 10:29:57,116 - PULSWID 6.5e-05
2026-10-05 10:29:57,125 - LOLVL 0.0
2026-10-05 10:29:57,137 - HILVL 1.2
2026-10-05 10:29:57,147 - PULSDLY 0.0
2026-10-05 10:29:57,156 - OUTPUT ON
2026-10-05 10:29:57,164 - CHN 2
2026-10-05 10:29:57,311 - OUTPUT OFF
2026-10-05 10:29:58,125 - CHN 1
2026-10-05 10:29:58,272 - *TRG
2026-10-05 10:29:58,282 - CHN 1
2026-10-05 10:29:58,429 - OUTPUT OFF
2026-10-05 10:29:58,437 - CHN 2
2026-10-05 10:29:58,600 - OUTPUT OFF
2026-10-05 10:30:23,326 - CHN 1
2026-10-05 10:30:23,621 - ZLOAD 50
2026-10-05 10:30:23,631 - WAVE PULSE
2026-10-05 10:30:23,640 - BST NCYC
2026-10-05 10:30:23,648 - BSTCOUNT 1
2026-10-05 10:30:23,658 - TRGSRC MAN
2026-10-05 10:30:23,667 - PULSWID 6.5e-05
2026-10-05 10:30:23,676 - LOLVL 0.0
2026-10-05 10:30:23,688 - HILVL 1.1
2026-10-05 10:30:23,699 - PULSDLY 0.0
2026-10-05 10:30:23,708 - OUTPUT ON
2026-10-05 10:30:23,716 - CHN 2
2026-10-05 10:30:23,863 - OUTPUT OFF
2026-10-05 10:30:24,692 - CHN 1
2026-10-05 10:30:24,840 - *TRG
2026-10-05 10:30:24,848 - CHN 1
2026-10-05 10:30:25,011 - OUTPUT OFF
2026-10-05 10:30:25,019 - CHN 2
2026-10-05 10:30:25,166 - OUTPUT OFF
2026-10-05 10:30:30,121 - CHN 1
2026-10-05 10:30:30,269 - ZLOAD 50
2026-10-05 10:30:30,279 - WAVE PULSE
2026-10-05 10:30:30,288 - BST NCYC
2026-10-05 10:30:30,297 - BSTCOUNT 1
2026-10-05 10:30:30,307 - TRGSRC MAN
2026-10-05 10:30:30,317 - PULSWID 0.00019999999999999998
2026-10-05 10:30:30,327 - LOLVL 0.0
2026-10-05 10:30:30,339 - HILVL 1.1
2026-10-05 10:30:30,351 - PULSDLY 0.0
2026-10-05 10:30:30,360 - OUTPUT ON
2026-10-05 10:30:30,368 - CHN 2
2026-10-05 10:30:30,531 - OUTPUT OFF
2026-10-05 10:30:31,300 - CHN 1
2026-10-05 10:30:31,595 - *TRG
2026-10-05 10:30:31,603 - CHN 1
2026-10-05 10:30:31,751 - OUTPUT OFF
2026-10-05 10:30:31,759 - CHN 2
2026-10-05 10:30:31,906 - OUTPUT OFF
2026-10-05 10:36:53,757 - CHN 1
2026-10-05 10:36:53,906 - OUTPUT OFF
2026-10-05 10:36:53,914 - CHN 2
2026-10-05 10:36:54,076 - OUTPUT OFF
2026-10-05 11:05:59,531 - *IDN? returned THURLBY THANDAR, TG5012A, 601942, 01.16-02.10-01.20
2026-10-05 11:05:59,538 - THURLBY THANDAR, TG5012A, 601942, 01.16-02.10-01.20
2026-10-05 11:05:59,539 - Successfully connected to TG5012A on COM5
2026-10-05 11:05:59,539 - CHN 1
2026-10-05 11:05:59,703 - WAVE PULSE
2026-10-05 11:05:59,715 - PULSPER 0.01
2026-10-05 11:05:59,726 - HILVL 1
2026-10-05 11:05:59,739 - LOLVL 0
2026-10-05 11:05:59,750 - PULSRISE 1e-08
2026-10-05 11:05:59,759 - PULSFALL 1e-08
2026-10-05 11:05:59,782 - PULSDLY 0
2026-10-05 11:05:59,790 - BST OFF
2026-10-05 11:05:59,800 - BSTCOUNT 1
2026-10-05 11:05:59,809 - TRGSRC MAN
2026-10-05 11:05:59,819 - OUTPUT OFF
2026-10-05 11:05:59,825 - CHN 2
2026-10-05 11:05:59,991 - WAVE PULSE
2026-10-05 11:06:00,003 - PULSPER 0.01
2026-10-05 11:06:00,014 - HILVL 1
2026-10-05 11:06:00,025 - LOLVL 0
2026-10-05 11:06:00,035 - PULSRISE 1e-08
2026-10-05 11:06:00,044 - PULSFALL 1e-08
2026-10-05 11:06:00,051 - PULSDLY 0
2026-10-05 11:06:00,060 - BST OFF
2026-10-05 11:06:00,070 - BSTCOUNT 1
2026-10-05 11:06:00,079 - TRGSRC CRC
2026-10-05 11:06:00,089 - OUTPUT OFF
2026-10-05 11:06:38,736 - CHN 1
2026-10-05 11:06:38,898 - ZLOAD 50
2026-10-05 11:06:38,907 - WAVE PULSE
2026-10-05 11:06:38,915 - BST NCYC
2026-10-05 11:06:38,923 - BSTCOUNT 1
2026-10-05 11:06:38,933 - TRGSRC MAN
2026-10-05 11:06:38,941 - PULSWID 6.5e-05
2026-10-05 11:06:38,950 - LOLVL 0.0
2026-10-05 11:06:38,959 - HILVL 5.0
2026-10-05 11:06:38,970 - PULSDLY 0.0
2026-10-05 11:06:38,978 - OUTPUT ON
2026-10-05 11:06:38,985 - CHN 2
2026-10-05 11:06:39,132 - OUTPUT OFF
2026-10-05 11:06:39,979 - CHN 1
2026-10-05 11:06:40,127 - *TRG
2026-10-05 11:06:40,135 - CHN 1
2026-10-05 11:06:40,298 - OUTPUT OFF
2026-10-05 11:06:40,305 - CHN 2
2026-10-05 11:06:40,452 - OUTPUT OFF
2026-10-05 11:06:54,607 - CHN 1
2026-10-05 11:06:54,756 - ZLOAD 50
2026-10-05 11:06:54,765 - WAVE PULSE
2026-10-05 11:06:54,790 - BST NCYC
2026-10-05 11:06:54,798 - BSTCOUNT 1
2026-10-05 11:06:54,808 - TRGSRC MAN
2026-10-05 11:06:54,817 - PULSWID 6.5e-05
2026-10-05 11:06:54,827 - LOLVL 0.0
2026-10-05 11:06:54,839 - HILVL 1.2
2026-10-05 11:06:54,848 - PULSDLY 0.0
2026-10-05 11:06:54,857 - OUTPUT ON
2026-10-05 11:06:54,864 - CHN 2
2026-10-05 11:06:55,011 - OUTPUT OFF
2026-10-05 11:06:55,840 - CHN 1
2026-10-05 11:06:55,989 - *TRG
2026-10-05 11:06:55,998 - CHN 1
2026-10-05 11:06:56,146 - OUTPUT OFF
2026-10-05 11:06:56,154 - CHN 2
2026-10-05 11:06:56,316 - OUTPUT OFF
2026-10-05 11:07:02,655 - CHN 1
2026-10-05 11:07:02,819 - ZLOAD 50
2026-10-05 11:07:02,829 - WAVE PULSE
2026-10-05 11:07:02,838 - BST NCYC
2026-10-05 11:07:02,846 - BSTCOUNT 1
2026-10-05 11:07:02,855 - TRGSRC MAN
2026-10-05 11:07:02,864 - PULSWID 0.00019999999999999998
2026-10-05 11:07:02,873 - LOLVL 0.0
2026-10-05 11:07:02,884 - HILVL 1.2
2026-10-05 11:07:02,895 - PULSDLY 0.0
2026-10-05 11:07:02,903 - OUTPUT ON
2026-10-05 11:07:02,910 - CHN 2
2026-10-05 11:07:03,057 - OUTPUT OFF
2026-10-05 11:07:03,900 - CHN 1
2026-10-05 11:07:04,048 - *TRG
2026-10-05 11:07:04,058 - CHN 1
2026-10-05 11:07:04,206 - OUTPUT OFF
2026-10-05 11:07:04,213 - CHN 2
2026-10-05 11:07:04,375 - OUTPUT OFF
2026-10-05 11:07:17,214 - CHN 1
2026-10-05 11:07:17,509 - ZLOAD 50
2026-10-05 11:07:17,519 - WAVE PULSE
2026-10-05 11:07:17,527 - BST NCYC
2026-10-05 11:07:17,535 - BSTCOUNT 1
2026-10-05 11:07:17,545 - TRGSRC MAN
2026-10-05 11:07:17,555 - PULSWID 0.00019999999999999998
2026-10-05 11:07:17,565 - LOLVL 0.0
2026-10-05 11:07:17,576 - HILVL 1.6
2026-10-05 11:07:17,587 - PULSDLY 0.0
2026-10-05 11:07:17,596 - OUTPUT ON
2026-10-05 11:07:17,603 - CHN 2
2026-10-05 11:07:17,750 - OUTPUT OFF
2026-10-05 11:07:18,578 - CHN 1
2026-10-05 11:07:18,725 - *TRG
2026-10-05 11:07:18,734 - CHN 1
2026-10-05 11:07:18,898 - OUTPUT OFF
2026-10-05 11:07:18,905 - CHN 2
2026-10-05 11:07:19,052 - OUTPUT OFF
2026-10-05 11:08:40,072 - CHN 1
2026-10-05 11:08:40,219 - ZLOAD 50
2026-10-05 11:08:40,229 - WAVE PULSE
2026-10-05 11:08:40,239 - BST NCYC
2026-10-05 11:08:40,248 - BSTCOUNT 1
2026-10-05 11:08:40,258 - TRGSRC MAN
2026-10-05 11:08:40,268 - PULSWID 0.00019999999999999998
2026-10-05 11:08:40,293 - LOLVL 0.0
2026-10-05 11:08:40,304 - HILVL 5.0
2026-10-05 11:08:40,316 - PULSDLY 0.0
2026-10-05 11:08:40,324 - OUTPUT ON
2026-10-05 11:08:40,332 - CHN 2
2026-10-05 11:08:40,479 - OUTPUT OFF
2026-10-05 11:08:41,306 - CHN 1
2026-10-05 11:08:41,567 - *TRG
2026-10-05 11:08:41,577 - CHN 1
2026-10-05 11:08:41,725 - OUTPUT OFF
2026-10-05 11:08:41,733 - CHN 2
2026-10-05 11:08:41,896 - OUTPUT OFF
2026-10-05 11:09:03,946 - CHN 1
2026-10-05 11:09:04,094 - ZLOAD 50
2026-10-05 11:09:04,104 - WAVE PULSE
2026-10-05 11:09:04,113 - BST NCYC
2026-10-05 11:09:04,121 - BSTCOUNT 1
2026-10-05 11:09:04,131 - TRGSRC MAN
2026-10-05 11:09:04,141 - PULSWID 0.00019999999999999998
2026-10-05 11:09:04,151 - LOLVL 0.0
2026-10-05 11:09:04,163 - HILVL 1.35
2026-10-05 11:09:04,172 - PULSDLY 0.0
2026-10-05 11:09:04,180 - OUTPUT ON
2026-10-05 11:09:04,188 - CHN 2
2026-10-05 11:09:04,350 - OUTPUT OFF
2026-10-05 11:09:05,185 - CHN 1
2026-10-05 11:09:05,480 - *TRG
2026-10-05 11:09:05,489 - CHN 1
2026-10-05 11:09:05,637 - OUTPUT OFF
2026-10-05 11:09:05,644 - CHN 2
2026-10-05 11:09:05,806 - OUTPUT OFF
2026-10-05 11:09:15,535 - CHN 1
2026-10-05 11:09:15,683 - ZLOAD 50
2026-10-05 11:09:15,693 - WAVE PULSE
2026-10-05 11:09:15,702 - BST NCYC
2026-10-05 11:09:15,711 - BSTCOUNT 1
2026-10-05 11:09:15,721 - TRGSRC MAN
2026-10-05 11:09:15,731 - PULSWID 0.00019999999999999998
2026-10-05 11:09:15,741 - LOLVL 0.0
2026-10-05 11:09:15,753 - HILVL 1.0
2026-10-05 11:09:15,763 - PULSDLY 0.0
2026-10-05 11:09:15,771 - OUTPUT ON
2026-10-05 11:09:15,794 - CHN 2
2026-10-05 11:09:15,941 - OUTPUT OFF
2026-10-05 11:09:16,777 - CHN 1
2026-10-05 11:09:16,938 - *TRG
2026-10-05 11:09:16,947 - CHN 1
2026-10-05 11:09:17,094 - OUTPUT OFF
2026-10-05 11:09:17,102 - CHN 2
2026-10-05 11:09:17,249 - OUTPUT OFF
2026-10-05 11:09:21,586 - CHN 1
2026-10-05 11:09:21,734 - ZLOAD 50
2026-10-05 11:09:21,744 - WAVE PULSE
2026-10-05 11:09:21,753 - BST NCYC
2026-10-05 11:09:21,761 - BSTCOUNT 1
2026-10-05 11:09:21,771 - TRGSRC MAN
2026-10-05 11:09:21,796 - PULSWID 6.5e-05
2026-10-05 11:09:21,804 - LOLVL 0.0
2026-10-05 11:09:21,812 - HILVL 1.0
2026-10-05 11:09:21,821 - PULSDLY 0.0
2026-10-05 11:09:21,829 - OUTPUT ON
2026-10-05 11:09:21,836 - CHN 2
2026-10-05 11:09:21,983 - OUTPUT OFF
2026-10-05 11:09:22,528 - CHN 1
2026-10-05 11:09:22,675 - *TRG
2026-10-05 11:09:22,684 - CHN 1
2026-10-05 11:09:22,848 - OUTPUT OFF
2026-10-05 11:09:22,856 - CHN 2
2026-10-05 11:09:23,003 - OUTPUT OFF
2026-10-05 11:09:32,140 - CHN 1
2026-10-05 11:09:32,303 - ZLOAD 50
2026-10-05 11:09:32,313 - WAVE PULSE
2026-10-05 11:09:32,323 - BST NCYC
2026-10-05 11:09:32,333 - BSTCOUNT 1
2026-10-05 11:09:32,343 - TRGSRC MAN
2026-10-05 11:09:32,352 - PULSWID 6.5e-05
2026-10-05 11:09:32,361 - LOLVL 0.0
2026-10-05 11:09:32,372 - HILVL 1.0
2026-10-05 11:09:32,381 - PULSDLY 0.0
2026-10-05 11:09:32,390 - OUTPUT ON
2026-10-05 11:09:32,398 - CHN 2
2026-10-05 11:09:32,545 - OUTPUT OFF
2026-10-05 11:09:33,363 - CHN 1
2026-10-05 11:09:33,570 - *TRG
2026-10-05 11:09:33,579 - CHN 1
2026-10-05 11:09:33,728 - OUTPUT OFF
2026-10-05 11:09:33,735 - CHN 2
2026-10-05 11:09:33,898 - OUTPUT OFF
2026-10-05 11:09:36,993 - CHN 1
2026-10-05 11:09:37,141 - ZLOAD 50
2026-10-05 11:09:37,150 - WAVE PULSE
2026-10-05 11:09:37,172 - BST NCYC
2026-10-05 11:09:37,179 - BSTCOUNT 1
2026-10-05 11:09:37,189 - TRGSRC MAN
2026-10-05 11:09:37,199 - PULSWID 6.5e-05
2026-10-05 11:09:37,208 - LOLVL 0.0
2026-10-05 11:09:37,218 - HILVL 1.0
2026-10-05 11:09:37,228 - PULSDLY 0.0
2026-10-05 11:09:37,235 - OUTPUT ON
2026-10-05 11:09:37,243 - CHN 2
2026-10-05 11:09:37,537 - OUTPUT OFF
2026-10-05 11:09:38,087 - CHN 1
2026-10-05 11:09:38,235 - *TRG
2026-10-05 11:09:38,245 - CHN 1
2026-10-05 11:09:38,409 - OUTPUT OFF
2026-10-05 11:09:38,416 - CHN 2
2026-10-05 11:09:38,563 - OUTPUT OFF
2026-10-05 11:09:46,571 - CHN 1
2026-10-05 11:09:46,720 - ZLOAD 50
2026-10-05 11:09:46,730 - WAVE PULSE
2026-10-05 11:09:46,740 - BST NCYC
2026-10-05 11:09:46,749 - BSTCOUNT 1
2026-10-05 11:09:46,759 - TRGSRC MAN
2026-10-05 11:09:46,768 - PULSWID 6.5e-05
2026-10-05 11:09:46,776 - LOLVL 0.0
2026-10-05 11:09:46,801 - HILVL 2.0
2026-10-05 11:09:46,813 - PULSDLY 0.0
2026-10-05 11:09:46,821 - OUTPUT ON
2026-10-05 11:09:46,829 - CHN 2
2026-10-05 11:09:46,976 - OUTPUT OFF
2026-10-05 11:09:47,807 - CHN 1
2026-10-05 11:09:47,955 - *TRG
2026-10-05 11:09:47,963 - CHN 1
2026-10-05 11:09:48,111 - OUTPUT OFF
2026-10-05 11:09:48,118 - CHN 2
2026-10-05 11:09:48,265 - OUTPUT OFF
2026-10-05 11:10:10,745 - CHN 1
2026-10-05 11:10:10,908 - ZLOAD 50
2026-10-05 11:10:10,917 - WAVE PULSE
2026-10-05 11:10:10,926 - BST NCYC
2026-10-05 11:10:10,934 - BSTCOUNT 1
2026-10-05 11:10:10,944 - TRGSRC MAN
2026-10-05 11:10:10,954 - PULSWID 6.5e-05
2026-10-05 11:10:10,964 - LOLVL 0.0
2026-10-05 11:10:10,976 - HILVL 1.1
2026-10-05 11:10:10,988 - PULSDLY 0.0
2026-10-05 11:10:10,996 - OUTPUT ON
2026-10-05 11:10:11,004 - CHN 2
2026-10-05 11:10:11,151 - OUTPUT OFF
2026-10-05 11:10:11,990 - CHN 1
2026-10-05 11:10:12,138 - *TRG
2026-10-05 11:10:12,148 - CHN 1
2026-10-05 11:10:12,312 - OUTPUT OFF
2026-10-05 11:10:12,319 - CHN 2
2026-10-05 11:10:12,466 - OUTPUT OFF
2026-10-05 11:10:16,363 - CHN 1
2026-10-05 11:10:16,511 - ZLOAD 50
2026-10-05 11:10:16,521 - WAVE PULSE
2026-10-05 11:10:16,528 - BST NCYC
2026-10-05 11:10:16,536 - BSTCOUNT 1
2026-10-05 11:10:16,544 - TRGSRC MAN
2026-10-05 11:10:16,554 - PULSWID 6.5e-05
2026-10-05 11:10:16,564 - LOLVL 0.0
2026-10-05 11:10:16,575 - HILVL 1.3
2026-10-05 11:10:16,587 - PULSDLY 0.0
2026-10-05 11:10:16,595 - OUTPUT ON
2026-10-05 11:10:16,602 - CHN 2
2026-10-05 11:10:16,749 - OUTPUT OFF
2026-10-05 11:10:17,307 - CHN 1
2026-10-05 11:10:17,572 - *TRG
2026-10-05 11:10:17,582 - CHN 1
2026-10-05 11:10:17,731 - OUTPUT OFF
2026-10-05 11:10:17,737 - CHN 2
2026-10-05 11:10:17,899 - OUTPUT OFF
2026-10-05 11:10:24,868 - CHN 1
2026-10-05 11:10:25,016 - ZLOAD 50
2026-10-05 11:10:25,025 - WAVE PULSE
2026-10-05 11:10:25,034 - BST NCYC
2026-10-05 11:10:25,041 - BSTCOUNT 1
2026-10-05 11:10:25,051 - TRGSRC MAN
2026-10-05 11:10:25,060 - PULSWID 6.5e-05
2026-10-05 11:10:25,069 - LOLVL 0.0
2026-10-05 11:10:25,081 - HILVL 1.3
2026-10-05 11:10:25,092 - PULSDLY 0.0
2026-10-05 11:10:25,101 - OUTPUT ON
2026-10-05 11:10:25,107 - CHN 2
2026-10-05 11:10:25,255 - OUTPUT OFF
2026-10-05 11:10:26,075 - CHN 1
2026-10-05 11:10:26,223 - *TRG
2026-10-05 11:10:26,250 - CHN 1
2026-10-05 11:10:26,413 - OUTPUT OFF
2026-10-05 11:10:26,421 - CHN 2
2026-10-05 11:10:26,568 - OUTPUT OFF
2026-10-05 11:10:31,349 - CHN 1
2026-10-05 11:10:31,574 - ZLOAD 50
2026-10-05 11:10:31,584 - WAVE PULSE
2026-10-05 11:10:31,593 - BST NCYC
2026-10-05 11:10:31,601 - BSTCOUNT 1
2026-10-05 11:10:31,610 - TRGSRC MAN
2026-10-05 11:10:31,619 - PULSWID 6.5e-05
2026-10-05 11:10:31,629 - LOLVL 0.0
2026-10-05 11:10:31,641 - HILVL 1.2
2026-10-05 11:10:31,652 - PULSDLY 0.0
2026-10-05 11:10:31,661 - OUTPUT ON
2026-10-05 11:10:31,668 - CHN 2
2026-10-05 11:10:31,830 - OUTPUT OFF
2026-10-05 11:10:32,617 - CHN 1
2026-10-05 11:10:32,765 - *TRG
2026-10-05 11:10:32,775 - CHN 1
2026-10-05 11:10:32,939 - OUTPUT OFF
2026-10-05 11:10:32,947 - CHN 2
2026-10-05 11:10:33,094 - OUTPUT OFF
2026-10-05 11:11:17,904 - CHN 1
2026-10-05 11:11:18,052 - ZLOAD 50
2026-10-05 11:11:18,062 - WAVE PULSE
2026-10-05 11:11:18,070 - BST NCYC
2026-10-05 11:11:18,079 - BSTCOUNT 1
2026-10-05 11:11:18,089 - TRGSRC MAN
2026-10-05 11:11:18,099 - PULSWID 6.5e-05
2026-10-05 11:11:18,109 - LOLVL 0.0
2026-10-05 11:11:18,121 - HILVL 5.0
2026-10-05 11:11:18,133 - PULSDLY 0.0
2026-10-05 11:11:18,141 - OUTPUT ON
2026-10-05 11:11:18,149 - CHN 2
2026-10-05 11:11:18,312 - OUTPUT OFF
2026-10-05 11:11:19,125 - CHN 1
2026-10-05 11:11:19,273 - *TRG
2026-10-05 11:11:19,430 - CHN 1
2026-10-05 11:11:19,578 - OUTPUT OFF
2026-10-05 11:11:19,586 - CHN 2
2026-10-05 11:11:19,733 - OUTPUT OFF
2026-10-05 11:11:53,125 - CHN 1
2026-10-05 11:11:53,273 - ZLOAD 50
2026-10-05 11:11:53,284 - WAVE PULSE
2026-10-05 11:11:53,441 - BST NCYC
2026-10-05 11:11:53,451 - BSTCOUNT 1
2026-10-05 11:11:53,461 - TRGSRC MAN
2026-10-05 11:11:53,470 - PULSWID 6.5e-05
2026-10-05 11:11:53,480 - LOLVL 0.0
2026-10-05 11:11:53,492 - HILVL 4.9
2026-10-05 11:11:53,504 - PULSDLY 0.0
2026-10-05 11:11:53,513 - OUTPUT ON
2026-10-05 11:11:53,520 - CHN 2
2026-10-05 11:11:53,666 - OUTPUT OFF
2026-10-05 11:11:54,494 - CHN 1
2026-10-05 11:11:54,642 - *TRG
2026-10-05 11:11:54,651 - CHN 1
2026-10-05 11:11:54,814 - OUTPUT OFF
2026-10-05 11:11:54,821 - CHN 2
2026-10-05 11:11:54,967 - OUTPUT OFF
2026-10-05 13:24:40,441 - *IDN? returned THURLBY THANDAR, TG5012A, 601942, 01.16-02.10-01.20
2026-10-05 13:24:40,448 - THURLBY THANDAR, TG5012A, 601942, 01.16-02.10-01.20
2026-10-05 13:24:40,448 - Successfully connected to TG5012A on COM5
2026-10-05 13:24:40,448 - CHN 1
2026-10-05 13:24:40,596 - WAVE PULSE
2026-10-05 13:24:40,605 - PULSPER 0.01
2026-10-05 13:24:40,616 - HILVL 1
2026-10-05 13:24:40,628 - LOLVL 0
2026-10-05 13:24:40,638 - PULSRISE 1e-08
2026-10-05 13:24:40,647 - PULSFALL 1e-08
2026-10-05 13:24:40,655 - PULSDLY 0
2026-10-05 13:24:40,663 - BST OFF
2026-10-05 13:24:40,671 - BSTCOUNT 1
2026-10-05 13:24:40,681 - TRGSRC MAN
2026-10-05 13:24:40,690 - OUTPUT OFF
2026-10-05 13:24:40,698 - CHN 2
2026-10-05 13:24:40,845 - WAVE PULSE
2026-10-05 13:24:40,853 - PULSPER 0.01
2026-10-05 13:24:40,864 - HILVL 1
2026-10-05 13:24:40,874 - LOLVL 0
2026-10-05 13:24:40,883 - PULSRISE 1e-08
2026-10-05 13:24:40,891 - PULSFALL 1e-08
2026-10-05 13:24:41,046 - PULSDLY 0
2026-10-05 13:24:41,054 - BST OFF
2026-10-05 13:24:41,063 - BSTCOUNT 1
2026-10-05 13:24:41,073 - TRGSRC CRC
2026-10-05 13:24:41,083 - OUTPUT OFF
2026-10-05 13:24:45,268 - CHN 1
2026-10-05 13:24:45,430 - ZLOAD 50
2026-10-05 13:24:45,439 - WAVE PULSE
2026-10-05 13:24:45,448 - BST NCYC
2026-10-05 13:24:45,456 - BSTCOUNT 1
2026-10-05 13:24:45,466 - TRGSRC MAN
2026-10-05 13:24:45,476 - PULSWID 1.9999999999999998e-05
2026-10-05 13:24:45,485 - LOLVL 0.0
2026-10-05 13:24:45,496 - HILVL 5.0
2026-10-05 13:24:45,507 - PULSDLY 0.0
2026-10-05 13:24:45,515 - OUTPUT ON
2026-10-05 13:24:45,522 - CHN 2
2026-10-05 13:24:45,669 - OUTPUT OFF
2026-10-05 13:24:46,172 - CHN 1
2026-10-05 13:24:46,320 - *TRG
2026-10-05 13:24:46,330 - CHN 1
2026-10-05 13:24:46,493 - OUTPUT OFF
2026-10-05 13:24:46,500 - CHN 2
2026-10-05 13:24:46,647 - OUTPUT OFF
2026-10-05 13:26:06,926 - CHN 1
2026-10-05 13:26:07,193 - ZLOAD 50
2026-10-05 13:26:07,202 - WAVE PULSE
2026-10-05 13:26:07,210 - BST NCYC
2026-10-05 13:26:07,218 - BSTCOUNT 1
2026-10-05 13:26:07,226 - TRGSRC MAN
2026-10-05 13:26:07,235 - PULSWID 1.9999999999999998e-05
2026-10-05 13:26:07,244 - LOLVL 0.0
2026-10-05 13:26:07,255 - HILVL 1.25
2026-10-05 13:26:07,265 - PULSDLY 0.0
2026-10-05 13:26:07,273 - OUTPUT ON
2026-10-05 13:26:07,281 - CHN 2
2026-10-05 13:26:07,444 - OUTPUT OFF
2026-10-05 13:26:07,901 - CHN 1
2026-10-05 13:26:08,062 - *TRG
2026-10-05 13:26:08,070 - CHN 1
2026-10-05 13:26:08,218 - OUTPUT OFF
2026-10-05 13:26:08,225 - CHN 2
2026-10-05 13:26:08,372 - OUTPUT OFF
2026-10-05 13:26:15,252 - CHN 1
2026-10-05 13:26:15,416 - ZLOAD 50
2026-10-05 13:26:15,425 - WAVE PULSE
2026-10-05 13:26:15,434 - BST NCYC
2026-10-05 13:26:15,442 - BSTCOUNT 1
2026-10-05 13:26:15,452 - TRGSRC MAN
2026-10-05 13:26:15,462 - PULSWID 6.5e-05
2026-10-05 13:26:15,472 - LOLVL 0.0
2026-10-05 13:26:15,484 - HILVL 1.25
2026-10-05 13:26:15,496 - PULSDLY 0.0
2026-10-05 13:26:15,505 - OUTPUT ON
2026-10-05 13:26:15,512 - CHN 2
2026-10-05 13:26:15,659 - OUTPUT OFF
2026-10-05 13:26:16,107 - CHN 1
2026-10-05 13:26:16,255 - *TRG
2026-10-05 13:26:16,264 - CHN 1
2026-10-05 13:26:16,428 - OUTPUT OFF
2026-10-05 13:26:16,435 - CHN 2
2026-10-05 13:26:16,582 - OUTPUT OFF
2026-10-05 13:33:30,706 - *IDN? returned THURLBY THANDAR, TG5012A, 601942, 01.16-02.10-01.20
2026-10-05 13:33:30,713 - THURLBY THANDAR, TG5012A, 601942, 01.16-02.10-01.20
2026-10-05 13:33:30,713 - Successfully connected to TG5012A on COM5
2026-10-05 13:33:30,713 - CHN 1
2026-10-05 13:33:30,861 - WAVE PULSE
2026-10-05 13:33:30,870 - PULSPER 0.01
2026-10-05 13:33:30,880 - HILVL 1
2026-10-05 13:33:30,892 - LOLVL 0
2026-10-05 13:33:30,902 - PULSRISE 1e-08
2026-10-05 13:33:30,909 - PULSFALL 1e-08
2026-10-05 13:33:30,917 - PULSDLY 0
2026-10-05 13:33:31,074 - BST OFF
2026-10-05 13:33:31,082 - BSTCOUNT 1
2026-10-05 13:33:31,092 - TRGSRC MAN
2026-10-05 13:33:31,102 - OUTPUT OFF
2026-10-05 13:33:31,109 - CHN 2
2026-10-05 13:33:31,256 - WAVE PULSE
2026-10-05 13:33:31,264 - PULSPER 0.01
2026-10-05 13:33:31,275 - HILVL 1
2026-10-05 13:33:31,285 - LOLVL 0
2026-10-05 13:33:31,295 - PULSRISE 1e-08
2026-10-05 13:33:31,304 - PULSFALL 1e-08
2026-10-05 13:33:31,312 - PULSDLY 0
2026-10-05 13:33:31,321 - BST OFF
2026-10-05 13:33:31,330 - BSTCOUNT 1
2026-10-05 13:33:31,339 - TRGSRC CRC
2026-10-05 13:33:31,349 - OUTPUT OFF
2026-10-05 13:34:37,631 - CHN 1
2026-10-05 13:34:37,778 - OUTPUT OFF
2026-10-05 13:34:37,785 - CHN 2
2026-10-05 13:34:37,947 - ZLOAD 50
2026-10-05 13:34:37,956 - WAVE PULSE
2026-10-05 13:34:37,965 - BST NCYC
2026-10-05 13:34:37,973 - BSTCOUNT 1
2026-10-05 13:34:37,982 - TRGSRC CRC
2026-10-05 13:34:37,991 - PULSWID 1.9999999999999998e-05
2026-10-05 13:34:38,000 - LOLVL 0.0
2026-10-05 13:34:38,011 - HILVL 5.0
2026-10-05 13:34:38,023 - PULSDLY 0.0
2026-10-05 13:34:38,031 - OUTPUT ON
2026-10-05 13:34:38,526 - CHN 1
2026-10-05 13:34:38,672 - *TRG
2026-10-05 13:34:38,681 - CHN 1
2026-10-05 13:34:38,828 - OUTPUT OFF
2026-10-05 13:34:38,835 - CHN 2
2026-10-05 13:34:39,130 - OUTPUT OFF
2026-10-05 13:34:42,709 - CHN 1
2026-10-05 13:34:42,857 - OUTPUT OFF
2026-10-05 13:34:42,865 - CHN 2
2026-10-05 13:34:43,159 - ZLOAD 50
2026-10-05 13:34:43,169 - WAVE PULSE
2026-10-05 13:34:43,178 - BST NCYC
2026-10-05 13:34:43,187 - BSTCOUNT 1
2026-10-05 13:34:43,196 - TRGSRC CRC
2026-10-05 13:34:43,206 - PULSWID 6.5e-05
2026-10-05 13:34:43,216 - LOLVL 0.0
2026-10-05 13:34:43,228 - HILVL 5.0
2026-10-05 13:34:43,240 - PULSDLY 0.0
2026-10-05 13:34:43,249 - OUTPUT ON
2026-10-05 13:34:43,640 - CHN 1
2026-10-05 13:34:43,787 - *TRG
2026-10-05 13:34:43,797 - CHN 1
2026-10-05 13:34:43,960 - OUTPUT OFF
2026-10-05 13:34:43,968 - CHN 2
2026-10-05 13:34:44,116 - OUTPUT OFF
2026-10-05 13:34:52,152 - CHN 1
2026-10-05 13:34:52,300 - OUTPUT OFF
2026-10-05 13:34:52,308 - CHN 2
2026-10-05 13:34:52,471 - ZLOAD 50
2026-10-05 13:34:52,481 - WAVE PULSE
2026-10-05 13:34:52,490 - BST NCYC
2026-10-05 13:34:52,499 - BSTCOUNT 1
2026-10-05 13:34:52,509 - TRGSRC CRC
2026-10-05 13:34:52,519 - PULSWID 6.5e-05
2026-10-05 13:34:52,529 - LOLVL 0.0
2026-10-05 13:34:52,541 - HILVL 1.3
2026-10-05 13:34:52,551 - PULSDLY 0.0
2026-10-05 13:34:52,560 - OUTPUT ON
2026-10-05 13:34:52,967 - CHN 1
2026-10-05 13:34:53,225 - *TRG
2026-10-05 13:34:53,235 - CHN 1
2026-10-05 13:34:53,382 - OUTPUT OFF
2026-10-05 13:34:53,390 - CHN 2
2026-10-05 13:34:53,553 - OUTPUT OFF
2026-10-06 14:29:37,255 - *IDN? returned THURLBY THANDAR, TG5012A, 601942, 01.16-02.10-01.20
2026-10-06 14:29:37,285 - THURLBY THANDAR, TG5012A, 601942, 01.16-02.10-01.20
2026-10-06 14:29:37,285 - Successfully connected to TG5012A on COM5
2026-10-06 14:29:37,285 - CHN 1
2026-10-06 14:29:37,449 - WAVE PULSE
2026-10-06 14:29:37,457 - PULSPER 0.01
2026-10-06 14:29:37,467 - HILVL 1
2026-10-06 14:29:37,479 - LOLVL 0
2026-10-06 14:29:37,487 - PULSRISE 1e-08
2026-10-06 14:29:37,496 - PULSFALL 1e-08
2026-10-06 14:29:37,504 - PULSDLY 0
2026-10-06 14:29:37,512 - BST OFF
2026-10-06 14:29:37,520 - BSTCOUNT 1
2026-10-06 14:29:37,530 - TRGSRC MAN
2026-10-06 14:29:37,540 - OUTPUT OFF
2026-10-06 14:29:37,547 - CHN 2
2026-10-06 14:29:37,694 - WAVE PULSE
2026-10-06 14:29:37,702 - PULSPER 0.01
2026-10-06 14:29:37,712 - HILVL 1
2026-10-06 14:29:37,723 - LOLVL 0
2026-10-06 14:29:37,732 - PULSRISE 1e-08
2026-10-06 14:29:37,740 - PULSFALL 1e-08
2026-10-06 14:29:37,749 - PULSDLY 0
2026-10-06 14:29:37,757 - BST OFF
2026-10-06 14:29:37,766 - BSTCOUNT 1
2026-10-06 14:29:37,776 - TRGSRC CRC
2026-10-06 14:29:37,785 - OUTPUT OFF
2026-10-06 14:40:47,815 - *IDN? returned THURLBY THANDAR, TG5012A, 601942, 01.16-02.10-01.20
2026-10-06 14:40:47,822 - THURLBY THANDAR, TG5012A, 601942, 01.16-02.10-01.20
2026-10-06 14:40:47,822 - Successfully connected to TG5012A on COM5
2026-10-06 14:40:47,822 - CHN 1
2026-10-06 14:40:47,985 - WAVE PULSE
2026-10-06 14:40:47,993 - PULSPER 0.01
2026-10-06 14:40:48,004 - HILVL 1
2026-10-06 14:40:48,014 - LOLVL 0
2026-10-06 14:40:48,024 - PULSRISE 1e-08
2026-10-06 14:40:48,033 - PULSFALL 1e-08
2026-10-06 14:40:48,041 - PULSDLY 0
2026-10-06 14:40:48,050 - BST OFF
2026-10-06 14:40:48,058 - BSTCOUNT 1
2026-10-06 14:40:48,066 - TRGSRC MAN
2026-10-06 14:40:48,075 - OUTPUT OFF
2026-10-06 14:40:48,083 - CHN 2
2026-10-06 14:40:48,230 - WAVE PULSE
2026-10-06 14:40:48,239 - PULSPER 0.01
2026-10-06 14:40:48,249 - HILVL 1
2026-10-06 14:40:48,258 - LOLVL 0
2026-10-06 14:40:48,267 - PULSRISE 1e-08
2026-10-06 14:40:48,275 - PULSFALL 1e-08
2026-10-06 14:40:48,283 - PULSDLY 0
2026-10-06 14:40:48,291 - BST OFF
2026-10-06 14:40:48,299 - BSTCOUNT 1
2026-10-06 14:40:48,307 - TRGSRC CRC
2026-10-06 14:40:48,317 - OUTPUT OFF
2026-10-06 14:40:51,695 - CHN 1
2026-10-06 14:40:51,842 - ZLOAD 50
2026-10-06 14:40:51,851 - WAVE PULSE
2026-10-06 14:40:51,860 - BST NCYC
2026-10-06 14:40:51,885 - BSTCOUNT 1
2026-10-06 14:40:51,894 - TRGSRC MAN
2026-10-06 14:40:51,903 - PULSWID 1.9999999999999998e-05
2026-10-06 14:40:51,913 - LOLVL 0.0
2026-10-06 14:40:51,925 - HILVL 5.0
2026-10-06 14:40:51,936 - PULSDLY 0.0
2026-10-06 14:40:51,945 - OUTPUT ON
2026-10-06 14:40:51,952 - CHN 2
2026-10-06 14:40:52,099 - OUTPUT OFF
2026-10-06 14:40:52,837 - CHN 1
2026-10-06 14:40:53,131 - *TRG
2026-10-06 14:40:53,141 - CHN 1
2026-10-06 14:40:53,289 - OUTPUT OFF
2026-10-06 14:40:53,296 - CHN 2
2026-10-06 14:40:53,459 - OUTPUT OFF
2026-10-06 14:53:34,153 - *IDN? returned THURLBY THANDAR, TG5012A, 601942, 01.16-02.10-01.20
2026-10-06 14:53:34,160 - THURLBY THANDAR, TG5012A, 601942, 01.16-02.10-01.20
2026-10-06 14:53:34,160 - Successfully connected to TG5012A on COM5
2026-10-06 14:53:34,161 - CHN 1
2026-10-06 14:53:34,308 - WAVE PULSE
2026-10-06 14:53:34,318 - PULSPER 0.01
2026-10-06 14:53:34,328 - HILVL 1
2026-10-06 14:53:34,338 - LOLVL 0
2026-10-06 14:53:34,348 - PULSRISE 1e-08
2026-10-06 14:53:34,355 - PULSFALL 1e-08
2026-10-06 14:53:34,364 - PULSDLY 0
2026-10-06 14:53:34,372 - BST OFF
2026-10-06 14:53:34,382 - BSTCOUNT 1
2026-10-06 14:53:34,392 - TRGSRC MAN
2026-10-06 14:53:34,402 - OUTPUT OFF
2026-10-06 14:53:34,424 - CHN 2
2026-10-06 14:53:34,572 - WAVE PULSE
2026-10-06 14:53:34,579 - PULSPER 0.01
2026-10-06 14:53:34,589 - HILVL 1
2026-10-06 14:53:34,598 - LOLVL 0
2026-10-06 14:53:34,608 - PULSRISE 1e-08
2026-10-06 14:53:34,617 - PULSFALL 1e-08
2026-10-06 14:53:34,624 - PULSDLY 0
2026-10-06 14:53:34,633 - BST OFF
2026-10-06 14:53:34,643 - BSTCOUNT 1
2026-10-06 14:53:34,652 - TRGSRC CRC
2026-10-06 14:53:34,661 - OUTPUT OFF
2026-10-06 15:05:40,128 - *IDN? returned THURLBY THANDAR, TG5012A, 601942, 01.16-02.10-01.20
2026-10-06 15:05:40,135 - THURLBY THANDAR, TG5012A, 601942, 01.16-02.10-01.20
2026-10-06 15:05:40,135 - Successfully connected to TG5012A on COM5
2026-10-06 15:05:40,135 - CHN 1
2026-10-06 15:05:40,282 - WAVE PULSE
2026-10-06 15:05:40,290 - PULSPER 0.01
2026-10-06 15:05:40,299 - HILVL 1
2026-10-06 15:05:40,308 - LOLVL 0
2026-10-06 15:05:40,316 - PULSRISE 1e-08
2026-10-06 15:05:40,325 - PULSFALL 1e-08
2026-10-06 15:05:40,333 - PULSDLY 0
2026-10-06 15:05:40,341 - BST OFF
2026-10-06 15:05:40,350 - BSTCOUNT 1
2026-10-06 15:05:40,360 - TRGSRC MAN
2026-10-06 15:05:40,369 - OUTPUT OFF
2026-10-06 15:05:40,376 - CHN 2
2026-10-06 15:05:40,538 - WAVE PULSE
2026-10-06 15:05:40,547 - PULSPER 0.01
2026-10-06 15:05:40,556 - HILVL 1
2026-10-06 15:05:40,565 - LOLVL 0
2026-10-06 15:05:40,574 - PULSRISE 1e-08
2026-10-06 15:05:40,582 - PULSFALL 1e-08
2026-10-06 15:05:40,590 - PULSDLY 0
2026-10-06 15:05:40,599 - BST OFF
2026-10-06 15:05:40,607 - BSTCOUNT 1
2026-10-06 15:05:40,615 - TRGSRC CRC
2026-10-06 15:05:40,625 - OUTPUT OFF
2026-10-06 15:16:13,698 - *IDN? returned THURLBY THANDAR, TG5012A, 601942, 01.16-02.10-01.20
2026-10-06 15:16:13,704 - THURLBY THANDAR, TG5012A, 601942, 01.16-02.10-01.20
2026-10-06 15:16:13,704 - Successfully connected to TG5012A on COM5
2026-10-06 15:16:13,705 - CHN 1
2026-10-06 15:16:13,851 - WAVE PULSE
2026-10-06 15:16:13,860 - PULSPER 0.01
2026-10-06 15:16:13,870 - HILVL 1
2026-10-06 15:16:13,878 - LOLVL 0
2026-10-06 15:16:13,886 - PULSRISE 1e-08
2026-10-06 15:16:13,896 - PULSFALL 1e-08
2026-10-06 15:16:13,903 - PULSDLY 0
2026-10-06 15:16:13,912 - BST OFF
2026-10-06 15:16:13,921 - BSTCOUNT 1
2026-10-06 15:16:13,930 - TRGSRC MAN
2026-10-06 15:16:13,940 - OUTPUT OFF
2026-10-06 15:16:13,947 - CHN 2
2026-10-06 15:16:14,110 - WAVE PULSE
2026-10-06 15:16:14,118 - PULSPER 0.01
2026-10-06 15:16:14,128 - HILVL 1
2026-10-06 15:16:14,138 - LOLVL 0
2026-10-06 15:16:14,147 - PULSRISE 1e-08
2026-10-06 15:16:14,155 - PULSFALL 1e-08
2026-10-06 15:16:14,163 - PULSDLY 0
2026-10-06 15:16:14,171 - BST OFF
2026-10-06 15:16:14,180 - BSTCOUNT 1
2026-10-06 15:16:14,188 - TRGSRC CRC
2026-10-06 15:16:14,197 - OUTPUT OFF
2026-10-06 15:22:45,214 - *IDN? returned THURLBY THANDAR, TG5012A, 601942, 01.16-02.10-01.20
2026-10-06 15:22:45,221 - THURLBY THANDAR, TG5012A, 601942, 01.16-02.10-01.20
2026-10-06 15:22:45,221 - Successfully connected to TG5012A on COM5
2026-10-06 15:22:45,222 - CHN 1
2026-10-06 15:22:45,367 - WAVE PULSE
2026-10-06 15:22:45,376 - PULSPER 0.01
2026-10-06 15:22:45,385 - HILVL 1
2026-10-06 15:22:45,394 - LOLVL 0
2026-10-06 15:22:45,403 - PULSRISE 1e-08
2026-10-06 15:22:45,411 - PULSFALL 1e-08
2026-10-06 15:22:45,419 - PULSDLY 0
2026-10-06 15:22:45,427 - BST OFF
2026-10-06 15:22:45,435 - BSTCOUNT 1
2026-10-06 15:22:45,443 - TRGSRC MAN
2026-10-06 15:22:45,454 - OUTPUT OFF
2026-10-06 15:22:45,462 - CHN 2
2026-10-06 15:22:45,623 - WAVE PULSE
2026-10-06 15:22:45,631 - PULSPER 0.01
2026-10-06 15:22:45,640 - HILVL 1
2026-10-06 15:22:45,649 - LOLVL 0
2026-10-06 15:22:45,657 - PULSRISE 1e-08
2026-10-06 15:22:45,665 - PULSFALL 1e-08
2026-10-06 15:22:45,673 - PULSDLY 0
2026-10-06 15:22:45,681 - BST OFF
2026-10-06 15:22:45,689 - BSTCOUNT 1
2026-10-06 15:22:45,697 - TRGSRC CRC
2026-10-06 15:22:45,706 - OUTPUT OFF
2026-10-06 15:35:05,695 - *IDN? returned THURLBY THANDAR, TG5012A, 601942, 01.16-02.10-01.20
2026-10-06 15:35:05,701 - THURLBY THANDAR, TG5012A, 601942, 01.16-02.10-01.20
2026-10-06 15:35:05,701 - Successfully connected to TG5012A on COM5
2026-10-06 15:35:05,701 - CHN 1
2026-10-06 15:35:05,847 - WAVE PULSE
2026-10-06 15:35:05,856 - PULSPER 0.01
2026-10-06 15:35:05,866 - HILVL 1
2026-10-06 15:35:05,875 - LOLVL 0
2026-10-06 15:35:05,884 - PULSRISE 1e-08
2026-10-06 15:35:05,892 - PULSFALL 1e-08
2026-10-06 15:35:05,900 - PULSDLY 0
2026-10-06 15:35:05,909 - BST OFF
2026-10-06 15:35:05,918 - BSTCOUNT 1
2026-10-06 15:35:05,927 - TRGSRC MAN
2026-10-06 15:35:05,936 - OUTPUT OFF
2026-10-06 15:35:05,944 - CHN 2
2026-10-06 15:35:06,107 - WAVE PULSE
2026-10-06 15:35:06,115 - PULSPER 0.01
2026-10-06 15:35:06,124 - HILVL 1
2026-10-06 15:35:06,133 - LOLVL 0
2026-10-06 15:35:06,141 - PULSRISE 1e-08
2026-10-06 15:35:06,149 - PULSFALL 1e-08
2026-10-06 15:35:06,157 - PULSDLY 0
2026-10-06 15:35:06,165 - BST OFF
2026-10-06 15:35:06,173 - BSTCOUNT 1
2026-10-06 15:35:06,183 - TRGSRC CRC
2026-10-06 15:35:06,193 - OUTPUT OFF
2026-10-06 15:41:06,697 - *IDN? returned THURLBY THANDAR, TG5012A, 601942, 01.16-02.10-01.20
2026-10-06 15:41:06,704 - THURLBY THANDAR, TG5012A, 601942, 01.16-02.10-01.20
2026-10-06 15:41:06,705 - Successfully connected to TG5012A on COM5
2026-10-06 15:41:06,705 - CHN 1
2026-10-06 15:41:06,851 - WAVE PULSE
2026-10-06 15:41:06,860 - PULSPER 0.01
2026-10-06 15:41:06,870 - HILVL 1
2026-10-06 15:41:06,878 - LOLVL 0
2026-10-06 15:41:06,887 - PULSRISE 1e-08
2026-10-06 15:41:06,895 - PULSFALL 1e-08
2026-10-06 15:41:06,905 - PULSDLY 0
2026-10-06 15:41:06,913 - BST OFF
2026-10-06 15:41:06,922 - BSTCOUNT 1
2026-10-06 15:41:06,930 - TRGSRC MAN
2026-10-06 15:41:06,940 - OUTPUT OFF
2026-10-06 15:41:06,947 - CHN 2
2026-10-06 15:41:07,240 - WAVE PULSE
2026-10-06 15:41:07,250 - PULSPER 0.01
2026-10-06 15:41:07,260 - HILVL 1
2026-10-06 15:41:07,268 - LOLVL 0
2026-10-06 15:41:07,276 - PULSRISE 1e-08
2026-10-06 15:41:07,286 - PULSFALL 1e-08
2026-10-06 15:41:07,293 - PULSDLY 0
2026-10-06 15:41:07,302 - BST OFF
2026-10-06 15:41:07,311 - BSTCOUNT 1
2026-10-06 15:41:07,320 - TRGSRC CRC
2026-10-06 15:41:07,328 - OUTPUT OFF
2026-10-06 15:41:11,374 - CHN 1
2026-10-06 15:41:11,521 - ZLOAD 50
2026-10-06 15:41:11,531 - WAVE PULSE
2026-10-06 15:41:11,539 - BST NCYC
2026-10-06 15:41:11,547 - BSTCOUNT 1
2026-10-06 15:41:11,556 - TRGSRC MAN
2026-10-06 15:41:11,566 - PULSWID 1.9999999999999998e-05
2026-10-06 15:41:11,576 - LOLVL 0.0
2026-10-06 15:41:11,603 - HILVL 5.0
2026-10-06 15:41:11,614 - PULSDLY 0.0
2026-10-06 15:41:11,624 - OUTPUT ON
2026-10-06 15:41:11,631 - CHN 2
2026-10-06 15:41:11,778 - OUTPUT OFF
2026-10-06 15:41:12,151 - CHN 1
2026-10-06 15:41:12,299 - *TRG
2026-10-06 15:41:12,306 - CHN 1
2026-10-06 15:41:12,454 - OUTPUT OFF
2026-10-06 15:41:12,461 - CHN 2
2026-10-06 15:41:12,623 - OUTPUT OFF
2026-10-06 15:41:16,617 - CHN 1
2026-10-06 15:41:16,766 - ZLOAD 50
2026-10-06 15:41:16,775 - WAVE PULSE
2026-10-06 15:41:16,784 - BST NCYC
2026-10-06 15:41:16,792 - BSTCOUNT 1
2026-10-06 15:41:16,800 - TRGSRC MAN
2026-10-06 15:41:16,809 - PULSWID 1.9999999999999998e-05
2026-10-06 15:41:16,819 - LOLVL 0.0
2026-10-06 15:41:16,831 - HILVL 5.0
2026-10-06 15:41:16,843 - PULSDLY 0.0
2026-10-06 15:41:16,851 - OUTPUT ON
2026-10-06 15:41:16,858 - CHN 2
2026-10-06 15:41:17,005 - OUTPUT OFF
2026-10-06 15:41:17,434 - CHN 1
2026-10-06 15:41:17,596 - *TRG
2026-10-06 15:41:17,605 - CHN 1
2026-10-06 15:41:17,752 - OUTPUT OFF
2026-10-06 15:41:17,760 - CHN 2
2026-10-06 15:41:17,907 - OUTPUT OFF
2026-10-06 15:41:59,596 - CHN 1
2026-10-06 15:41:59,877 - ZLOAD 50
2026-10-06 15:41:59,886 - WAVE PULSE
2026-10-06 15:41:59,894 - BST NCYC
2026-10-06 15:41:59,903 - BSTCOUNT 1
2026-10-06 15:41:59,913 - TRGSRC MAN
2026-10-06 15:41:59,923 - PULSWID 1.9999999999999998e-05
2026-10-06 15:41:59,932 - LOLVL 0.0
2026-10-06 15:41:59,943 - HILVL 1.2
2026-10-06 15:41:59,953 - PULSDLY 0.0
2026-10-06 15:41:59,962 - OUTPUT ON
2026-10-06 15:41:59,969 - CHN 2
2026-10-06 15:42:00,131 - OUTPUT OFF
2026-10-06 15:42:00,491 - CHN 1
2026-10-06 15:42:00,654 - *TRG
2026-10-06 15:42:00,663 - CHN 1
2026-10-06 15:42:00,811 - OUTPUT OFF
2026-10-06 15:42:00,818 - CHN 2
2026-10-06 15:42:00,965 - OUTPUT OFF
2026-10-06 15:42:04,351 - CHN 1
2026-10-06 15:42:04,499 - ZLOAD 50
2026-10-06 15:42:04,509 - WAVE PULSE
2026-10-06 15:42:04,517 - BST NCYC
2026-10-06 15:42:04,525 - BSTCOUNT 1
2026-10-06 15:42:04,533 - TRGSRC MAN
2026-10-06 15:42:04,543 - PULSWID 6.5e-05
2026-10-06 15:42:04,551 - LOLVL 0.0
2026-10-06 15:42:04,562 - HILVL 1.2
2026-10-06 15:42:04,573 - PULSDLY 0.0
2026-10-06 15:42:04,582 - OUTPUT ON
2026-10-06 15:42:04,605 - CHN 2
2026-10-06 15:42:04,751 - OUTPUT OFF
2026-10-06 15:42:05,112 - CHN 1
2026-10-06 15:42:05,260 - *TRG
2026-10-06 15:42:05,269 - CHN 1
2026-10-06 15:42:05,416 - OUTPUT OFF
2026-10-06 15:42:05,424 - CHN 2
2026-10-06 15:42:05,570 - OUTPUT OFF
2026-10-06 15:42:31,232 - CHN 1
2026-10-06 15:42:31,379 - ZLOAD 50
2026-10-06 15:42:31,389 - WAVE PULSE
2026-10-06 15:42:31,398 - BST NCYC
2026-10-06 15:42:31,406 - BSTCOUNT 1
2026-10-06 15:42:31,414 - TRGSRC MAN
2026-10-06 15:42:31,423 - PULSWID 0.00010999999999999999
2026-10-06 15:42:31,433 - LOLVL 0.0
2026-10-06 15:42:31,446 - HILVL 1.25
2026-10-06 15:42:31,456 - PULSDLY 0.0
2026-10-06 15:42:31,464 - OUTPUT ON
2026-10-06 15:42:31,471 - CHN 2
2026-10-06 15:42:31,764 - OUTPUT OFF
2026-10-06 15:42:32,126 - CHN 1
2026-10-06 15:42:32,273 - *TRG
2026-10-06 15:42:32,281 - CHN 1
2026-10-06 15:42:32,428 - OUTPUT OFF
2026-10-06 15:42:32,435 - CHN 2
2026-10-06 15:42:32,582 - OUTPUT OFF
2026-10-06 15:48:47,757 - *IDN? returned THURLBY THANDAR, TG5012A, 601942, 01.16-02.10-01.20
2026-10-06 15:48:47,763 - THURLBY THANDAR, TG5012A, 601942, 01.16-02.10-01.20
2026-10-06 15:48:47,763 - Successfully connected to TG5012A on COM5
2026-10-06 15:48:47,763 - CHN 1
2026-10-06 15:48:47,911 - WAVE PULSE
2026-10-06 15:48:47,920 - PULSPER 0.01
2026-10-06 15:48:47,930 - HILVL 1
2026-10-06 15:48:47,941 - LOLVL 0
2026-10-06 15:48:47,950 - PULSRISE 1e-08
2026-10-06 15:48:47,958 - PULSFALL 1e-08
2026-10-06 15:48:47,966 - PULSDLY 0
2026-10-06 15:48:47,974 - BST OFF
2026-10-06 15:48:47,982 - BSTCOUNT 1
2026-10-06 15:48:47,991 - TRGSRC MAN
2026-10-06 15:48:48,000 - OUTPUT OFF
2026-10-06 15:48:48,008 - CHN 2
2026-10-06 15:48:48,171 - WAVE PULSE
2026-10-06 15:48:48,179 - PULSPER 0.01
2026-10-06 15:48:48,188 - HILVL 1
2026-10-06 15:48:48,197 - LOLVL 0
2026-10-06 15:48:48,206 - PULSRISE 1e-08
2026-10-06 15:48:48,214 - PULSFALL 1e-08
2026-10-06 15:48:48,222 - PULSDLY 0
2026-10-06 15:48:48,231 - BST OFF
2026-10-06 15:48:48,239 - BSTCOUNT 1
2026-10-06 15:48:48,248 - TRGSRC CRC
2026-10-06 15:48:48,257 - OUTPUT OFF
